[ 2025-12-26 16:59:30,369 ] 17 root - INFO - Initiate the data ingestion
[ 2025-12-26 16:59:43,891 ] 61 root - INFO - performed train test split
[ 2025-12-26 16:59:43,891 ] 62 root - INFO - Exited split_data_as_train_test method in the DataIngestion class
[ 2025-12-26 16:59:43,891 ] 66 root - INFO - exporting train and test file path
[ 2025-12-26 16:59:44,163 ] 69 root - INFO - exporting train and test file path
[ 2025-12-26 16:59:44,165 ] 19 root - INFO - data ingestion completed
[ 2025-12-26 16:59:44,165 ] 23 root - INFO - Initiate the data validation
[ 2025-12-26 16:59:44,315 ] 33 root - INFO - Required number of columns :23
[ 2025-12-26 16:59:44,318 ] 34 root - INFO - Number of Columns Dataframe have :Index(['having_IP_Address', 'URL_Length', 'Shortining_Service',
       'having_At_Symbol', 'double_slash_redirecting', 'Prefix_Suffix',
       'having_Sub_Domain', 'SSLfinal_State', 'Domain_registeration_length',
       'Favicon', 'port', 'HTTPS_token', 'Request_URL', 'URL_of_Anchor',
       'Links_in_tags', 'SFH', 'Submitting_to_email', 'Abnormal_URL',
       'Redirect', 'on_mouseover', 'RightClick', 'popUpWidnow', 'Iframe',
       'age_of_domain', 'DNSRecord', 'web_traffic', 'Page_Rank',
       'Google_Index', 'Links_pointing_to_page', 'Statistical_report',
       'Result'],
      dtype='object')
[ 2025-12-26 16:59:44,318 ] 33 root - INFO - Required number of columns :23
[ 2025-12-26 16:59:44,318 ] 34 root - INFO - Number of Columns Dataframe have :Index(['having_IP_Address', 'URL_Length', 'Shortining_Service',
       'having_At_Symbol', 'double_slash_redirecting', 'Prefix_Suffix',
       'having_Sub_Domain', 'SSLfinal_State', 'Domain_registeration_length',
       'Favicon', 'port', 'HTTPS_token', 'Request_URL', 'URL_of_Anchor',
       'Links_in_tags', 'SFH', 'Submitting_to_email', 'Abnormal_URL',
       'Redirect', 'on_mouseover', 'RightClick', 'popUpWidnow', 'Iframe',
       'age_of_domain', 'DNSRecord', 'web_traffic', 'Page_Rank',
       'Google_Index', 'Links_pointing_to_page', 'Statistical_report',
       'Result'],
      dtype='object')
[ 2025-12-26 16:59:44,879 ] 25 root - INFO - Data validation completed
[ 2025-12-26 16:59:44,879 ] 28 root - INFO - entering data transformation
[ 2025-12-26 16:59:44,879 ] 53 root - INFO - Entering the initiate_data_transformation method in DataTransformation class
[ 2025-12-26 16:59:44,879 ] 55 root - INFO - starting data transformation
[ 2025-12-26 16:59:44,969 ] 42 root - INFO - entered the get_data_transformation_object in the DataTransformation class
[ 2025-12-26 16:59:44,969 ] 45 root - INFO - Initialize KNNimputer with {'missing_values': nan, 'n_neighbors': 3, 'weights': 'uniform'}
[ 2025-12-26 16:59:45,002 ] 42 root - INFO - We have entered the save object method of the MainUtil class
[ 2025-12-26 16:59:45,013 ] 46 root - INFO - We have succesfully saved the object
[ 2025-12-26 16:59:45,016 ] 32 root - INFO - Data Transformation is completed
[ 2025-12-26 16:59:45,016 ] 34 root - INFO - Model Training started
[ 2025-12-26 16:59:45,068 ] 39 root - INFO - Model Training is artifact created
