[ 2025-12-27 01:27:18,765 ] 1025 httpx - INFO - HTTP Request: POST https://dagshub.com/login/oauth/middleman "HTTP/1.1 200 OK"
[ 2025-12-27 01:27:19,507 ] 1025 httpx - INFO - HTTP Request: POST https://dagshub.com/login/oauth/access_token "HTTP/1.1 200 OK"
[ 2025-12-27 01:27:20,279 ] 1025 httpx - INFO - HTTP Request: GET https://dagshub.com/api/v1/user "HTTP/1.1 200 OK"
[ 2025-12-27 01:27:20,289 ] 107 dagshub - INFO - Accessing as rohit2205x
[ 2025-12-27 01:27:21,178 ] 1025 httpx - INFO - HTTP Request: GET https://dagshub.com/api/v1/repos/rohit2205x/NetworkSecurityProject "HTTP/1.1 200 OK"
[ 2025-12-27 01:27:21,895 ] 1025 httpx - INFO - HTTP Request: GET https://dagshub.com/api/v1/user "HTTP/1.1 200 OK"
[ 2025-12-27 01:27:21,899 ] 107 dagshub - INFO - Initialized MLflow to track repo "rohit2205x/NetworkSecurityProject"
[ 2025-12-27 01:27:21,901 ] 107 dagshub - INFO - Repository rohit2205x/NetworkSecurityProject initialized!
[ 2025-12-27 01:27:21,901 ] 17 root - INFO - Initiate the data ingestion
[ 2025-12-27 01:27:40,268 ] 61 root - INFO - performed train test split
[ 2025-12-27 01:27:40,268 ] 62 root - INFO - Exited split_data_as_train_test method in the DataIngestion class
[ 2025-12-27 01:27:40,268 ] 66 root - INFO - exporting train and test file path
[ 2025-12-27 01:27:40,656 ] 69 root - INFO - exporting train and test file path
[ 2025-12-27 01:27:40,659 ] 19 root - INFO - data ingestion completed
[ 2025-12-27 01:27:40,660 ] 23 root - INFO - Initiate the data validation
[ 2025-12-27 01:27:40,836 ] 33 root - INFO - Required number of columns :23
[ 2025-12-27 01:27:40,836 ] 34 root - INFO - Number of Columns Dataframe have :Index(['having_IP_Address', 'URL_Length', 'Shortining_Service',
       'having_At_Symbol', 'double_slash_redirecting', 'Prefix_Suffix',
       'having_Sub_Domain', 'SSLfinal_State', 'Domain_registeration_length',
       'Favicon', 'port', 'HTTPS_token', 'Request_URL', 'URL_of_Anchor',
       'Links_in_tags', 'SFH', 'Submitting_to_email', 'Abnormal_URL',
       'Redirect', 'on_mouseover', 'RightClick', 'popUpWidnow', 'Iframe',
       'age_of_domain', 'DNSRecord', 'web_traffic', 'Page_Rank',
       'Google_Index', 'Links_pointing_to_page', 'Statistical_report',
       'Result'],
      dtype='object')
[ 2025-12-27 01:27:40,836 ] 33 root - INFO - Required number of columns :23
[ 2025-12-27 01:27:40,836 ] 34 root - INFO - Number of Columns Dataframe have :Index(['having_IP_Address', 'URL_Length', 'Shortining_Service',
       'having_At_Symbol', 'double_slash_redirecting', 'Prefix_Suffix',
       'having_Sub_Domain', 'SSLfinal_State', 'Domain_registeration_length',
       'Favicon', 'port', 'HTTPS_token', 'Request_URL', 'URL_of_Anchor',
       'Links_in_tags', 'SFH', 'Submitting_to_email', 'Abnormal_URL',
       'Redirect', 'on_mouseover', 'RightClick', 'popUpWidnow', 'Iframe',
       'age_of_domain', 'DNSRecord', 'web_traffic', 'Page_Rank',
       'Google_Index', 'Links_pointing_to_page', 'Statistical_report',
       'Result'],
      dtype='object')
[ 2025-12-27 01:27:41,579 ] 25 root - INFO - Data validation completed
[ 2025-12-27 01:27:41,579 ] 28 root - INFO - entering data transformation
[ 2025-12-27 01:27:41,579 ] 53 root - INFO - Entering the initiate_data_transformation method in DataTransformation class
[ 2025-12-27 01:27:41,581 ] 55 root - INFO - starting data transformation
[ 2025-12-27 01:27:41,701 ] 42 root - INFO - entered the get_data_transformation_object in the DataTransformation class
[ 2025-12-27 01:27:41,701 ] 45 root - INFO - Initialize KNNimputer with {'missing_values': nan, 'n_neighbors': 3, 'weights': 'uniform'}
[ 2025-12-27 01:27:41,752 ] 42 root - INFO - We have entered the save object method of the MainUtil class
[ 2025-12-27 01:27:41,765 ] 46 root - INFO - We have succesfully saved the object
[ 2025-12-27 01:27:41,769 ] 32 root - INFO - Data Transformation is completed
[ 2025-12-27 01:27:41,769 ] 34 root - INFO - Model Training started
[ 2025-12-27 01:29:15,168 ] 42 root - INFO - We have entered the save object method of the MainUtil class
[ 2025-12-27 01:29:15,195 ] 46 root - INFO - We have succesfully saved the object
[ 2025-12-27 01:29:15,195 ] 119 root - INFO - Model Trainer artifact:ModelTrainerArtifact(trained_model_file_path='Artifacts\\12_27_2025_01_26_54\\model_trainer\\trained_model\\model.pkl', train_model_artifact=ClassificationMetricArtifact(f1_score=0.9907496933400678, precision_score=0.9881401306888511, recall_score=0.9933730755874522), test_model_artifact=ClassificationMetricArtifact(f1_score=0.990840674406394, precision_score=0.9876715515236102, recall_score=0.9940302001638769))
[ 2025-12-27 01:29:15,199 ] 39 root - INFO - Model Training is artifact created
