[ 2025-12-26 15:47:23,913 ] 16 root - INFO - Initiate the data ingestion
[ 2025-12-26 15:47:50,157 ] 61 root - INFO - performed train test split
[ 2025-12-26 15:47:50,157 ] 62 root - INFO - Exited split_data_as_train_test method in the DataIngestion class
[ 2025-12-26 15:47:50,159 ] 66 root - INFO - exporting train and test file path
[ 2025-12-26 15:47:51,068 ] 69 root - INFO - exporting train and test file path
[ 2025-12-26 15:47:51,073 ] 18 root - INFO - data ingestion completed
[ 2025-12-26 15:47:51,074 ] 22 root - INFO - Initiate the data validation
[ 2025-12-26 15:47:51,427 ] 33 root - INFO - Required number of columns :23
[ 2025-12-26 15:47:51,435 ] 34 root - INFO - Number of Columns Dataframe have :Index(['having_IP_Address', 'URL_Length', 'Shortining_Service',
       'having_At_Symbol', 'double_slash_redirecting', 'Prefix_Suffix',
       'having_Sub_Domain', 'SSLfinal_State', 'Domain_registeration_length',
       'Favicon', 'port', 'HTTPS_token', 'Request_URL', 'URL_of_Anchor',
       'Links_in_tags', 'SFH', 'Submitting_to_email', 'Abnormal_URL',
       'Redirect', 'on_mouseover', 'RightClick', 'popUpWidnow', 'Iframe',
       'age_of_domain', 'DNSRecord', 'web_traffic', 'Page_Rank',
       'Google_Index', 'Links_pointing_to_page', 'Statistical_report',
       'Result'],
      dtype='object')
[ 2025-12-26 15:47:51,435 ] 33 root - INFO - Required number of columns :23
[ 2025-12-26 15:47:51,435 ] 34 root - INFO - Number of Columns Dataframe have :Index(['having_IP_Address', 'URL_Length', 'Shortining_Service',
       'having_At_Symbol', 'double_slash_redirecting', 'Prefix_Suffix',
       'having_Sub_Domain', 'SSLfinal_State', 'Domain_registeration_length',
       'Favicon', 'port', 'HTTPS_token', 'Request_URL', 'URL_of_Anchor',
       'Links_in_tags', 'SFH', 'Submitting_to_email', 'Abnormal_URL',
       'Redirect', 'on_mouseover', 'RightClick', 'popUpWidnow', 'Iframe',
       'age_of_domain', 'DNSRecord', 'web_traffic', 'Page_Rank',
       'Google_Index', 'Links_pointing_to_page', 'Statistical_report',
       'Result'],
      dtype='object')
[ 2025-12-26 15:47:53,184 ] 24 root - INFO - Data validation completed
[ 2025-12-26 15:47:53,185 ] 27 root - INFO - entering data transformation
[ 2025-12-26 15:47:53,185 ] 53 root - INFO - Entering the initiate_data_transformation method in DataTransformation class
[ 2025-12-26 15:47:53,185 ] 55 root - INFO - starting data transformation
[ 2025-12-26 15:47:53,489 ] 42 root - INFO - entered the get_data_transformation_object in the DataTransformation class
[ 2025-12-26 15:47:53,489 ] 45 root - INFO - Initialize KNNimputer with {'missing_values': nan, 'n_neighbors': 3, 'weights': 'uniform'}
[ 2025-12-26 15:47:53,583 ] 42 root - INFO - We have entered the save object method of the MainUtil class
[ 2025-12-26 15:47:53,608 ] 46 root - INFO - We have succesfully saved the object
[ 2025-12-26 15:47:53,617 ] 31 root - INFO - Data Transformation is completed
