[ 2025-12-26 15:06:18,199 ] 16 root - INFO - Initiate the data ingestion
[ 2025-12-26 15:06:53,570 ] 61 root - INFO - performed train test split
[ 2025-12-26 15:06:53,570 ] 62 root - INFO - Exited split_data_as_train_test method in the DataIngestion class
[ 2025-12-26 15:06:53,571 ] 66 root - INFO - exporting train and test file path
[ 2025-12-26 15:06:54,167 ] 69 root - INFO - exporting train and test file path
[ 2025-12-26 15:06:54,171 ] 18 root - INFO - data ingestion completed
[ 2025-12-26 15:06:54,172 ] 22 root - INFO - Initiate the data validation
[ 2025-12-26 15:06:54,444 ] 33 root - INFO - Required number of columns :23
[ 2025-12-26 15:06:54,452 ] 34 root - INFO - Number of Columns Dataframe have :Index(['having_IP_Address', 'URL_Length', 'Shortining_Service',
       'having_At_Symbol', 'double_slash_redirecting', 'Prefix_Suffix',
       'having_Sub_Domain', 'SSLfinal_State', 'Domain_registeration_length',
       'Favicon', 'port', 'HTTPS_token', 'Request_URL', 'URL_of_Anchor',
       'Links_in_tags', 'SFH', 'Submitting_to_email', 'Abnormal_URL',
       'Redirect', 'on_mouseover', 'RightClick', 'popUpWidnow', 'Iframe',
       'age_of_domain', 'DNSRecord', 'web_traffic', 'Page_Rank',
       'Google_Index', 'Links_pointing_to_page', 'Statistical_report',
       'Result'],
      dtype='object')
[ 2025-12-26 15:06:54,452 ] 33 root - INFO - Required number of columns :23
[ 2025-12-26 15:06:54,452 ] 34 root - INFO - Number of Columns Dataframe have :Index(['having_IP_Address', 'URL_Length', 'Shortining_Service',
       'having_At_Symbol', 'double_slash_redirecting', 'Prefix_Suffix',
       'having_Sub_Domain', 'SSLfinal_State', 'Domain_registeration_length',
       'Favicon', 'port', 'HTTPS_token', 'Request_URL', 'URL_of_Anchor',
       'Links_in_tags', 'SFH', 'Submitting_to_email', 'Abnormal_URL',
       'Redirect', 'on_mouseover', 'RightClick', 'popUpWidnow', 'Iframe',
       'age_of_domain', 'DNSRecord', 'web_traffic', 'Page_Rank',
       'Google_Index', 'Links_pointing_to_page', 'Statistical_report',
       'Result'],
      dtype='object')
[ 2025-12-26 15:06:55,782 ] 24 root - INFO - Data validation completed
[ 2025-12-26 15:06:55,783 ] 27 root - INFO - entering data transformation
[ 2025-12-26 15:06:55,783 ] 53 root - INFO - Entering the initiate_data_transformation method in DataTransformation class
[ 2025-12-26 15:06:55,783 ] 55 root - INFO - starting data transformation
